   13.3s  MAP: hook-1 | LOCKED HOOK. Frame 0: Normandy, 25 July 1944 (
   28.4s  MAP: hook-2 | Beat every 2-4 s: smoke clears over a cratered
   45.5s  MAP: hook-3 | Twist as action, hard cut back to 25 JULY, dar
   65.6s  MAP: hook-4 | Name slam: J. LAWTON COLLINS · "LIGHTNING JOE"
   95.2s  ARCHIVE: US Army portrait of Collins (PD, 3D depth); Guadalc
  119.3s  MAP: bg-1 | Western Front overview (option 1, June 1944): oc
  139.2s  MAP: move1-1 | Title card MOVE 1 · CHERBOURG · JUNE 1944. Co
  157.2s  MAP: move1-2 | Red belief card: "HOLD FOR MONTHS"; red count
  177.9s  MAP: move1-2b | Collins badge pops along the front from unit
  199.6s  MAP: move1-3 | Collins badge. Blue 9th Division arrow drives
  219.0s  MAP: move1-4 | Camera turns north: three blue division arrow
  241.2s  MAP: move1-5 | Cherbourg close-up (option 2: glowing fronts 
  276.0s  MAP: move1-6 | Fort du Roule on its ridge above the city (ta
  301.6s  MAP: move1-7 | 26 JUNE: tunnel entrance at Saint-Sauveur glo
  322.6s  MAP: move1-8 | The harbour: red demolition blasts tick acros
  344.6s  MAP: move1-9 | Casualty card, labelled COTENTIN CAMPAIGN 6 J
  356.4s  MAP: move1-sub | Short subscribe card over the map (bell); c
  378.5s  MAP: move2-1 | Title card MOVE 2 · OPERATION COBRA · JULY 19
  401.4s  MAP: move2-1b | Close-up of a hedgerow field grid: a Sherman
  426.6s  MAP: move2-2 | Cobra close-up (option 2 glowing fronts): the
  446.0s  MAP: move2-3 | Bradley + Collins badges; the plan draws on: 
  465.2s  MAP: move2-4 | 24 JULY: bombers come in, the strike is calle
  486.6s  MAP: move2-5 | 25 JULY: the full strike: waves of glowing c4
  512.1s  MAP: move2-6 | Short bombs again on the blue line (impacts, 
  538.4s  MAP: move2-7 | Collins badge alone, dusk; two paths drawn: W
  557.3s  MAP: move2-8 | 26 JULY: 2nd Armored + 1st Infantry with 3rd 
  582.5s  MAP: move2-9 | Zoom out to Normandy (option 1, control 24 Ju
  601.7s  MAP: move3-1 | Title card MOVE 3 · CELLES · DECEMBER 1944. W
  622.1s  MAP: move3-2 | Ardennes close-up (option 2): 2nd Panzer spea
  645.2s  MAP: move3-2b | Ardennes overview: VII Corps arrows swing so
  674.1s  MAP: move3-3 | Collins badge; VII Corps arrives from the nor
  696.5s  MAP: move3-4 | Split choice: FALL BACK (grey dashed arrow no
  723.4s  MAP: move3-5 | 25 DEC 08:00: Combat Command B arrows swing a
  739.9s  MAP: move3-6 | 26-27 DEC: German relief attacks (red arrows)
  764.3s  MAP: move3-7 | Casualty card (Cole, 2nd Armored operation 24
  776.4s  ARCHIVE: VII Corps / 2nd Armored in the snow, knocked-out Pa
  799.7s  MAP: end-1 | Western Front overview: the three moves replay 
  808.6s  MAP: end-2 | Closing card on the map: WHICH COMMANDER NEXT? 
total 809.4 s
